[web.archive.org/web/20221206221033/http_/nas.sr/---/index.html]
[web-static.archive.org/_static/js/bundle-playback8833.js]
[web-static.archive.org/_static/js/wombat9b8c.js]
[web-static.archive.org/_static/js/ruffle/ruffle.js]
[backblue.gif]
[fade.gif]
[index.html]
[web.archive.org/web/20220623025831js_/http_/nas.sr/---/js/rainbow.js]
[web.archive.org/web/20220623025833js_/http_/nas.sr/---/js/qlb-highlight.js]
[web.archive.org/web/20220623025830js_/http_/nas.sr/---/lib/tamdeed/rasm/processing.js]
[web.archive.org/web/20220623025832js_/http_/nas.sr/---/js/jquery.js]
[web.archive.org/web/20220922031749js_/http_/nas.sr/---/js/jqconsole.js]
[web.archive.org/web/20220623025831js_/http_/nas.sr/---/qlb/qlb.js]
[web.archive.org/web/20220623025830js_/http_/nas.sr/---/qlb/parser.js]
[web.archive.org/web/20220623025830js_/http_/nas.sr/---/qlb/primitives.js]
[web.archive.org/web/20220623025830js_/http_/nas.sr/---/js/repl.js]
[web.archive.org/web/20221206221033/http_/nas.sr/---/index.html]
[web.archive.org/web/20220623025832js_/http_/nas.sr/---/lib/tamdeed/rasm/rasm.js]
[web-static.archive.org/_static/css/banner-styles52e6.css]
[web-static.archive.org/_static/css/iconochive8307.css]
[web.archive.org/web/20220924154404cs_/http_/nas.sr/---/lib/tamdeed/rasm/shakl.css]
[web-static.archive.org/_static/css/record.css]
